// Jest Snapshot v1, https://goo.gl/fbAQLP

exports[`BestProfitContainer calls getBestProfits function and renders child components when refresh is true 1`] = `
<div>
  <p />
  <h2>
    Best Profits
  </h2>
  <div>
    <BestProfitTable
      data={
        Object {
          "buy": Object {
            "price": "2.30",
            "time": "09:30 AM",
          },
          "currency": "BTC",
          "date": "07/05/2018",
          "profit": "0.28",
          "sell": Object {
            "price": "2.58",
            "time": "04:30 PM",
          },
        }
      }
      key="BTC"
    />
    <BestProfitTable
      data={
        Object {
          "buy": Object {
            "price": "1.30",
            "time": "08:30 AM",
          },
          "currency": "ETC",
          "date": "07/05/2018",
          "profit": "0.20",
          "sell": Object {
            "price": "1.50",
            "time": "12:30 PM",
          },
        }
      }
      key="ETC"
    />
  </div>
</div>
`;

exports[`BestProfitContainer renders correctly when refresh is false 1`] = `
<div>
  <p />
  <h2>
    Best Profits
  </h2>
  <p>
    No data
  </p>
</div>
`;

exports[`BestProfitContainer renders correctly when refresh is true but currency not supplied 1`] = `
<div>
  <p />
  <h2>
    Best Profits
  </h2>
  <p>
    No data
  </p>
</div>
`;

exports[`BestProfitContainer renders correctly when refresh is true but date and currency not supplied 1`] = `
<div>
  <p />
  <h2>
    Best Profits
  </h2>
  <p>
    No data
  </p>
</div>
`;

exports[`BestProfitContainer renders correctly when refresh is true but date not supplied 1`] = `
<div>
  <p />
  <h2>
    Best Profits
  </h2>
  <p>
    No data
  </p>
</div>
`;
